Solarsystem name:     SOLAR SYSTEM
Solarsystem location: Orion Arm of the Milky Way
Solarsystem age:      5 billion years

The planets in our solarsystem:

MERCURY

VENUS

EARTH

MARS

JUPITER

SATURN

URANUS

NEPTUNE


Inner plannets data:

Name:   mercury
Radius: 2439.7
Mass:   3.3011e+27
Volume: 60830000000000

Name:   venus
Radius: 6051
Mass:   4.8675e+28
Volume: 9284300000000000

Name:   earth
Radius: 6371
Mass:   5.97237e+29
Volume: 108321000000000000

Name:   mars
Radius: 3390
Mass:   6.4171e+27
Volume: 1631800000000000
